== job 33163282 (census_prepare) on c3cpu-e2-u8 at 2026-09-29T13:52:06-06:00
== cores=2 gpus=none restart=0
== git 0d7e411
== python: /projects/jaju1407/software/envs/hisdac/bin/python
== raw: /projects/jaju1407/data/raw/nhgis  out: /projects/jaju1407/data/processed/census  extra args: --years 1810 1820 1900
13:52:48 INFO arg pop_csv = /projects/jaju1407/data/raw/nhgis/nhgis0001_ts_nominal_county.csv
13:52:48 INFO arg shape_dir = /projects/jaju1407/data/raw/nhgis/nhgis0001_shape
13:52:48 INFO arg out_dir = /projects/jaju1407/data/processed/census
13:52:48 INFO arg crosswalk = configs/nhgis_crosswalk.csv
13:52:48 INFO arg manual_fills = configs/nhgis_manual_fills.csv
13:52:48 INFO arg reconstructed = configs/nhgis_reconstructed.csv
13:52:48 INFO arg years = [1810, 1820, 1900]
13:52:48 INFO population CSV: 55375 rows, years [1810, 1820, 1830, 1840, 1850, 1860, 1870, 1880, 1890, 1900, 1910, 1920, 1930, 1940, 1950, 1960, 1970, 1980, 1990, 2000, 2010, 2020]
13:52:48 INFO shapefile 1810: /projects/jaju1407/data/raw/nhgis/nhgis0001_shape/nhgis0001_shapefile_tl2008_us_county_1810/US_county_1810_conflated.shp
13:52:48 INFO shapefile 1820: /projects/jaju1407/data/raw/nhgis/nhgis0001_shape/nhgis0001_shapefile_tl2008_us_county_1820/US_county_1820_conflated.shp
13:52:48 INFO shapefile 1900: /projects/jaju1407/data/raw/nhgis/nhgis0001_shape/nhgis0001_shapefile_tl2008_us_county_1900/US_county_1900_conflated.shp
13:52:49 INFO crosswalk 1900: G1789177 (Quapaw Indian Reservation) -> G1789175 (Quapaw Agency) | same-state boundaries matching 'Quapaw': [('G1789175', 'Quapaw Agency')]
13:52:49 INFO crosswalk 1900: G5105100 (Alexandria City) -> G5100035 (Alexandria) | same-state boundaries matching 'Alexandria': [('G5100035', 'Alexandria')]
13:52:49 INFO reconstructed 1820 G1100010 (District of Columbia (present-day area)) <- 1830 [('G1100017', 'Georgetown'), ('G1100075', 'Rural Washington county'), ('G1100115', 'Washington City')]
13:52:49 INFO reconstructed 1820 G5100035 (Alexandria County (D.C. side, 1791-1846)) <- 1830 [('G1100005', 'Alexandria'), ('G1100035', 'Rural Alexandria County')]
13:52:49 INFO ===== 1810 =====
13:52:49 INFO   multi-county group, Massachusetts: state county-row sum=700,745; group rows sum=700,745 (equal=True)
13:52:49 INFO     G2509993 Massachusetts [ME part] - multi-county group: group pop=228,705; state county-row sum=700,745; equal=False; all group rows sum=700,745
13:52:49 INFO     G2509997 Massachusetts [non-ME part] - multi-county group: group pop=472,040; state county-row sum=700,745; equal=False; all group rows sum=700,745
13:52:51 INFO   boundaries: US_county_1810_conflated.shp (587 features, source CRS USA_Contiguous_Albers_Equal_Area_Conic)
13:52:53 INFO   2 CSV units have no boundary (pop 1,214) -> dropped: ['Walton', 'Hopefield - St Francis']
13:52:53 INFO   nodata_unenumerated: 9 units [('G2250025', 'Indian lands'), ('G1301535', 'Indian Lands'), ('G1850113', 'Indian Lands'), ('G2650165', 'Indian Lands'), ('G2850097', 'Indian Lands'), ('G3700955', 'Indian Lands'), ('G4700855', 'Indian Lands (No Population)'), ('G2250115', 'Unattached'), ('G4500875', 'Unorganized (No Data)')]
13:52:55 INFO Created 587 records
13:52:56 INFO   wrote /projects/jaju1407/data/processed/census/counties_1810.gpkg (587 units, 80.7 MB) | CONUS pop 7,238,667 | dropped no-boundary 1,214 (0.017%) | expected ~7,239,881 (diff -1,214, -0.017%)
13:52:56 INFO ===== 1820 =====
13:52:57 INFO   boundaries: US_county_1820_conflated.shp (778 features, source CRS USA_Contiguous_Albers_Equal_Area_Conic)
13:53:02 INFO   boundaries: US_county_1830_conflated.shp (1001 features, source CRS USA_Contiguous_Albers_Equal_Area_Conic)
13:53:04 INFO   reconstructed G1100010 (District of Columbia (present-day area)): dissolved 3 1830 polygons [('G1100017', 'Georgetown'), ('G1100075', 'Rural Washington county'), ('G1100115', 'Washington City')]
13:53:04 INFO   reconstructed G5100035 (Alexandria County (D.C. side, 1791-1846)): dissolved 2 1830 polygons [('G1100005', 'Alexandria'), ('G1100035', 'Rural Alexandria County')]
13:53:04 INFO   manual fill G1100010 (District of Columbia (present-day area)): pop nan -> 23336 [Forstall (1996), Population of States and Counties of the United States: 1790-1990, U.S. Bureau of the Census]
13:53:04 INFO   manual fill G5100035 (Alexandria County (D.C. side, 1791-1846)): pop nan -> 9703 [Forstall (1996), Population of States and Counties of the United States: 1790-1990, U.S. Bureau of the Census]
13:53:04 INFO   nodata_unenumerated: 17 units [('G0550017', 'Cherokee Indian Tract'), ('G0100715', 'Indian Lands'), ('G0550137', 'Indian Lands'), ('G1301535', 'Indian Lands'), ('G1700737', 'Indian Lands'), ('G2650165', 'Indian Lands'), ('G2800535', 'Indian Lands'), ('G3700955', 'Indian Lands'), ('G1800695', 'Indian Lands - no population'), ('G2950077', 'Indian Lands - No Population'), ('G4700855', 'Indian Lands (No Population)'), ('G0100730', 'Jefferson'), ('G0100930', 'Marion'), ('G0550377', 'Quapaw Indian Tract'), ('G0550433', 'Unassigned'), ('G4701695', 'Unattached (No population)'), ('G2950257', 'Unattached No Population')]
13:53:05 INFO Created 780 records
13:53:06 INFO   wrote /projects/jaju1407/data/processed/census/counties_1820.gpkg (780 units, 90.2 MB) | CONUS pop 9,654,655 | dropped no-boundary 0 (0.000%)
13:53:06 INFO ===== 1900 =====
13:53:06 INFO   CSV: dropped 8 non-CONUS rows (pop 217,593)
13:53:06 INFO   crosswalk: G1789177 -> G1789175 (1 row(s), pop 800) Quapaw Indian Reservation -> Quapaw Agency (code mismatch)
13:53:06 INFO   crosswalk: G5105100 -> G5100035 (1 row(s), pop 14,528) Alexandria city -> Alexandria County (G5100035 in the 1900 CSV with pop 6430; NHGIS code differs from FIPS)
13:53:13 INFO   boundaries: US_county_1900_conflated.shp (2848 features, source CRS USA_Contiguous_Albers_Equal_Area_Conic)
13:53:16 INFO   shapefile: dropped 8 non-CONUS features
13:53:16 INFO   summed 2 CSV rows into G5100035: [('G5100035', 'Alexandria', 6430), ('G5105100', 'Alexandria City', 14528)]
13:53:16 INFO   10 CSV units have no boundary (pop 15,224) -> dropped: ['San Carlos Indian Reservation', 'Modoc Indian Reservation', 'Ottawa Indian Reservation', 'Peroria Indian Reservation', 'Seneca Indian Reservation', 'Shawnee Indian Reservation', 'Wyandotte Indian Reservation', 'White Earth Indian Reservation', 'Crow Indian Reservation', 'Armstrong']
13:53:16 INFO   manual fill G1100010 (District Of Columbia): pop nan -> 278718 [Forstall (1996), Population of States and Counties of the United States: 1790-1990, U.S. Bureau of the Census]
13:53:16 INFO   nodata_unenumerated: 1 units [('G4059095', 'Ponca And Otoe Indian Reservation')]
13:53:19 INFO Created 2,840 records
13:53:21 INFO   wrote /projects/jaju1407/data/processed/census/counties_1900.gpkg (2840 units, 193.2 MB) | CONUS pop 75,979,351 | dropped no-boundary 15,224 (0.020%)
13:53:21 INFO QA report:
 year  n_boundaries  n_pop_rows  n_pop_rows_conus  n_boundary_without_pop  n_pop_without_boundary  n_ok  n_nodata_unenumerated  n_nodata_zero  n_manual_fill  conus_pop_total  pop_dropped_no_boundary  pop_dropped_pct  pop_dropped_multi_county_group  expected_total
 1810           587         582               582                       9                       2   578                      9              0              0        7238667.0                     1214         0.016768                        700745.0       7239881.0
 1820           780         761               761                      17                       0   761                     17              0              2        9654655.0                        0         0.000000                             0.0             NaN
 1900          2840        2857              2849                       1                      10  2838                      1              0              1       75979351.0                    15224         0.020033                             0.0             NaN
13:53:21 INFO dropped rows by reason:
reason              source
multi_county_group  csv        2
no_boundary         csv       12
non_conus           csv        8
                    shp        8
13:53:21 INFO wrote /projects/jaju1407/data/processed/census/qa_report.csv and /projects/jaju1407/data/processed/census/dropped_rows.csv
13:53:21 INFO DONE
total 475696
drwxr-sr-x 2 jaju1407 jaju1407grp       173 Sep 29 13:53 .
drwxr-sr-x 3 jaju1407 jaju1407grp        24 Sep 29 13:52 ..
-rw-r--r-- 1 jaju1407 jaju1407grp  80683008 Sep 29 13:52 counties_1810.gpkg
-rw-r--r-- 1 jaju1407 jaju1407grp  90185728 Sep 29 13:53 counties_1820.gpkg
-rw-r--r-- 1 jaju1407 jaju1407grp 193220608 Sep 29 13:53 counties_1900.gpkg
-rw-r--r-- 1 jaju1407 jaju1407grp      2311 Sep 29 13:53 dropped_rows.csv
-rw-r--r-- 1 jaju1407 jaju1407grp       467 Sep 29 13:53 qa_report.csv
== done 2026-09-29T13:53:21-06:00
