== job 33463270 (dasymetric_train) on c3cpu-e2-u10 at 2026-10-05T16:29:07-06:00
== cores=4 gpus=none restart=0
== git fdd9ef0
== python: /projects/jaju1407/software/envs/hisdac/bin/python
== config: configs/model.yaml (name=massachusetts version=v3_1)  out: /scratch/alpine/jaju1407/hisdac/dasymetric/massachusetts/v3_1  n_jobs: 4  extra args: 
16:30:12 INFO arg config = configs/model.yaml
16:30:12 INFO arg out_root = /scratch/alpine/jaju1407/hisdac/dasymetric
16:30:12 INFO arg n_jobs = 4
16:30:13 INFO folds from /scratch/alpine/jaju1407/hisdac/dasymetric/massachusetts/v2/model/folds.csv: 22 counties in 5 folds
16:30:13 INFO era E1: training rows: 188 county-years | 22 counties (groups) | 13 years 1810-1930 | features ['bui', 'bldg_size', 'mu_ratio', 'dist_built', 'year']
16:30:13 INFO era E1: folds (v2/model/folds.csv by GISJOIN): counties per fold {0: 3, 1: 3, 2: 3, 3: 3, 4: 10} -> /scratch/alpine/jaju1407/hisdac/dasymetric/massachusetts/v3_1/E1/model/folds.csv
16:30:13 INFO Spearman rho of county features (all training rows):
              bui  bldg_size  mu_ratio  dist_built   year
bui         1.000      0.963     0.966      -0.860  0.896
bldg_size   0.963      1.000     0.985      -0.909  0.823
mu_ratio    0.966      0.985     1.000      -0.881  0.860
dist_built -0.860     -0.909    -0.881       1.000 -0.739
year        0.896      0.823     0.860      -0.739  1.000
16:30:13 INFO   |rho| > 0.80: bldg_size - mu_ratio 0.985
16:30:13 INFO   |rho| > 0.80: bui - mu_ratio 0.966
16:30:13 INFO   |rho| > 0.80: bui - bldg_size 0.963
16:30:13 INFO   |rho| > 0.80: bldg_size - dist_built -0.909
16:30:13 INFO   |rho| > 0.80: bui - year 0.896
16:30:13 INFO   |rho| > 0.80: mu_ratio - dist_built -0.881
16:30:13 INFO   |rho| > 0.80: mu_ratio - year 0.860
16:30:13 INFO   |rho| > 0.80: bui - dist_built -0.860
16:30:13 INFO   |rho| > 0.80: bldg_size - year 0.823
16:30:14 INFO   plot /scratch/alpine/jaju1407/hisdac/dasymetric/massachusetts/v3_1/E1/model/feature_correlation.png
16:30:14 INFO era E1: model rf | search 20 of 400 candidates | 5 folds | scoring neg_root_mean_squared_error | n_jobs 4
16:30:25 INFO   fold 0: CV RMSE 0.2142 | R2 0.948
16:30:25 INFO   fold 1: CV RMSE 1.6209 | R2 0.431
16:30:25 INFO   fold 2: CV RMSE 0.3227 | R2 0.865
16:30:25 INFO   fold 3: CV RMSE 0.7208 | R2 0.353
16:30:25 INFO   fold 4: CV RMSE 1.0202 | R2 0.526
16:30:25 INFO era E1: best params {'n_estimators': 300, 'min_samples_leaf': 2, 'max_features': 0.33, 'max_depth': 15}
16:30:25 INFO era E1: CV RMSE 0.7798 +/- 0.5094 | CV R2 0.624 +/- 0.238 | train RMSE 0.3411 | sd(y) 1.4661
16:30:25 INFO feature importance (permutation = increase in RMSE when shuffled):
   feature  impurity  permutation_mean  permutation_sd
 bldg_size    0.2452            0.4817          0.0260
       bui    0.2361            0.4124          0.0249
dist_built    0.2320            0.3420          0.0098
      year    0.0848            0.2866          0.0148
  mu_ratio    0.2019            0.2570          0.0134
16:30:45 INFO mean |SHAP| per feature:
bldg_size     0.2874
dist_built    0.2830
bui           0.2500
mu_ratio      0.1427
year          0.0996
16:30:45 INFO grouped mean |SHAP|:
Building              0.6491
Settlement context    0.2830
Period                0.0996
16:30:45 INFO mean |SHAP| by year:
          bui  bldg_size  mu_ratio  dist_built   year
year                                                 
1810.0  0.453      0.408     0.231       0.359  0.173
1820.0  0.313      0.276     0.079       0.192  0.114
1830.0  0.249      0.249     0.073       0.173  0.109
1840.0  0.193      0.244     0.070       0.164  0.102
1850.0  0.136      0.225     0.100       0.215  0.081
1860.0  0.141      0.244     0.124       0.262  0.067
1870.0  0.112      0.223     0.129       0.276  0.060
1880.0  0.120      0.256     0.118       0.282  0.074
1890.0  0.154      0.287     0.125       0.313  0.076
1900.0  0.252      0.294     0.164       0.342  0.093
1910.0  0.333      0.289     0.171       0.343  0.101
1920.0  0.346      0.325     0.210       0.342  0.105
1930.0  0.362      0.366     0.223       0.382  0.108
16:30:46 INFO   plot /scratch/alpine/jaju1407/hisdac/dasymetric/massachusetts/v3_1/E1/model/shap_summary.png
16:30:46 INFO   plot /scratch/alpine/jaju1407/hisdac/dasymetric/massachusetts/v3_1/E1/model/shap_by_year.png
16:30:46 INFO v3 (its saved out-of-fold predictions, same folds, 188 rows, its own target): CV RMSE 0.7810 +/- 0.5122 | CV R2 0.626 +/- 0.234 | pooled RMSE 0.9348 R2 0.595 (reported: RMSE 0.7810310798365974, R2 0.6262294658057381)
16:30:46 INFO era E1: CV v3_1 vs v3 (same folds and rows): RMSE 0.7798 vs 0.7810 | R2 0.624 vs 0.626 | pooled RMSE 0.9321 vs 0.9348
16:30:46 INFO wrote /scratch/alpine/jaju1407/hisdac/dasymetric/massachusetts/v3_1/E1/model
16:30:46 INFO era E2: training rows: 84 county-years | 14 counties (groups) | 6 years 1940-1990 | features ['bui', 'bldg_size', 'mu_ratio', 'dist_built', 'year', 'res_share', 'rent_share']
16:30:46 INFO era E2: folds (v2/model/folds.csv by GISJOIN): counties per fold {0: 3, 1: 3, 2: 3, 3: 3, 4: 2} -> /scratch/alpine/jaju1407/hisdac/dasymetric/massachusetts/v3_1/E2/model/folds.csv
16:30:46 INFO Spearman rho of county features (all training rows):
              bui  bldg_size  mu_ratio  dist_built   year  res_share  rent_share
bui         1.000      0.971     0.908      -0.913  0.323      0.936       0.826
bldg_size   0.971      1.000     0.958      -0.852  0.430      0.933       0.747
mu_ratio    0.908      0.958     1.000      -0.775  0.447      0.935       0.611
dist_built -0.913     -0.852    -0.775       1.000 -0.311     -0.914      -0.862
year        0.323      0.430     0.447      -0.311  1.000      0.462      -0.017
res_share   0.936      0.933     0.935      -0.914  0.462      1.000       0.703
rent_share  0.826      0.747     0.611      -0.862 -0.017      0.703       1.000
16:30:46 INFO   |rho| > 0.80: bui - bldg_size 0.971
16:30:46 INFO   |rho| > 0.80: bldg_size - mu_ratio 0.958
16:30:46 INFO   |rho| > 0.80: bui - res_share 0.936
16:30:46 INFO   |rho| > 0.80: mu_ratio - res_share 0.935
16:30:46 INFO   |rho| > 0.80: bldg_size - res_share 0.933
16:30:46 INFO   |rho| > 0.80: dist_built - res_share -0.914
16:30:46 INFO   |rho| > 0.80: bui - dist_built -0.913
16:30:46 INFO   |rho| > 0.80: bui - mu_ratio 0.908
16:30:46 INFO   |rho| > 0.80: dist_built - rent_share -0.862
16:30:46 INFO   |rho| > 0.80: bldg_size - dist_built -0.852
16:30:46 INFO   |rho| > 0.80: bui - rent_share 0.826
16:30:47 INFO   plot /scratch/alpine/jaju1407/hisdac/dasymetric/massachusetts/v3_1/E2/model/feature_correlation.png
16:30:47 INFO era E2: model rf | search 20 of 400 candidates | 5 folds | scoring neg_root_mean_squared_error | n_jobs 4
16:30:54 INFO   fold 0: CV RMSE 0.3540 | R2 0.860
16:30:54 INFO   fold 1: CV RMSE 1.2482 | R2 0.601
16:30:54 INFO   fold 2: CV RMSE 0.3710 | R2 0.406
16:30:54 INFO   fold 3: CV RMSE 0.4483 | R2 0.892
16:30:54 INFO   fold 4: CV RMSE 0.3800 | R2 0.882
16:30:54 INFO era E2: best params {'n_estimators': 200, 'min_samples_leaf': 2, 'max_features': 1.0, 'max_depth': 20}
16:30:54 INFO era E2: CV RMSE 0.5603 +/- 0.3455 | CV R2 0.728 +/- 0.194 | train RMSE 0.1015 | sd(y) 1.4014
16:30:54 INFO feature importance (permutation = increase in RMSE when shuffled):
   feature  impurity  permutation_mean  permutation_sd
rent_share    0.4363            0.8428          0.0359
       bui    0.4126            0.7497          0.0459
 bldg_size    0.0500            0.0828          0.0107
  mu_ratio    0.0388            0.0707          0.0116
dist_built    0.0408            0.0528          0.0063
 res_share    0.0195            0.0239          0.0046
      year    0.0021            0.0111          0.0029
16:30:54 INFO mean |SHAP| per feature:
rent_share    0.5912
bui           0.5494
dist_built    0.0529
bldg_size     0.0524
mu_ratio      0.0517
res_share     0.0240
year          0.0081
16:30:54 INFO grouped mean |SHAP|:
Land use              0.5954
Building              0.5921
Settlement context    0.0529
Period                0.0081
16:30:54 INFO mean |SHAP| by year:
          bui  bldg_size  mu_ratio  dist_built   year  res_share  rent_share
year                                                                        
1940.0  0.584      0.066     0.050       0.053  0.010      0.015       0.658
1950.0  0.565      0.062     0.050       0.050  0.010      0.023       0.641
1960.0  0.560      0.051     0.050       0.046  0.006      0.025       0.620
1970.0  0.549      0.045     0.049       0.055  0.008      0.024       0.587
1980.0  0.523      0.045     0.054       0.055  0.008      0.024       0.521
1990.0  0.515      0.045     0.057       0.059  0.008      0.032       0.520
16:30:54 INFO   plot /scratch/alpine/jaju1407/hisdac/dasymetric/massachusetts/v3_1/E2/model/shap_summary.png
16:30:54 INFO   plot /scratch/alpine/jaju1407/hisdac/dasymetric/massachusetts/v3_1/E2/model/shap_by_year.png
16:30:55 INFO v3 (its saved out-of-fold predictions, same folds, 84 rows, its own target): CV RMSE 0.5565 +/- 0.3449 | CV R2 0.735 +/- 0.185 | pooled RMSE 0.6698 R2 0.772 (reported: RMSE 0.5565042325717435, R2 0.7349997127711418)
16:30:55 INFO era E2: CV v3_1 vs v3 (same folds and rows): RMSE 0.5603 vs 0.5565 | R2 0.728 vs 0.735 | pooled RMSE 0.6737 vs 0.6698
16:30:55 INFO wrote /scratch/alpine/jaju1407/hisdac/dasymetric/massachusetts/v3_1/E2/model
16:30:55 INFO era E3: training rows: 42 county-years | 14 counties (groups) | 3 years 2000-2020 | features ['bui', 'bldg_size', 'mu_ratio', 'dist_built', 'year', 'res_share', 'rent_share', 'ntl']
16:30:55 INFO era E3: folds (v2/model/folds.csv by GISJOIN): counties per fold {0: 3, 1: 3, 2: 3, 3: 3, 4: 2} -> /scratch/alpine/jaju1407/hisdac/dasymetric/massachusetts/v3_1/E3/model/folds.csv
16:30:55 INFO Spearman rho of county features (all training rows):
              bui  bldg_size  mu_ratio  dist_built   year  res_share  rent_share    ntl
bui         1.000      0.954     0.845      -0.914  0.099      0.938       0.828  0.873
bldg_size   0.954      1.000     0.910      -0.841  0.161      0.896       0.780  0.806
mu_ratio    0.845      0.910     1.000      -0.621  0.106      0.840       0.533  0.601
dist_built -0.914     -0.841    -0.621       1.000 -0.096     -0.888      -0.869 -0.903
year        0.099      0.161     0.106      -0.096  1.000      0.096      -0.029 -0.202
res_share   0.938      0.896     0.840      -0.888  0.096      1.000       0.676  0.781
rent_share  0.828      0.780     0.533      -0.869 -0.029      0.676       1.000  0.892
ntl         0.873      0.806     0.601      -0.903 -0.202      0.781       0.892  1.000
16:30:55 INFO   |rho| > 0.80: bui - bldg_size 0.954
16:30:55 INFO   |rho| > 0.80: bui - res_share 0.938
16:30:55 INFO   |rho| > 0.80: bui - dist_built -0.914
16:30:55 INFO   |rho| > 0.80: bldg_size - mu_ratio 0.910
16:30:55 INFO   |rho| > 0.80: dist_built - ntl -0.903
16:30:55 INFO   |rho| > 0.80: bldg_size - res_share 0.896
16:30:55 INFO   |rho| > 0.80: rent_share - ntl 0.892
16:30:55 INFO   |rho| > 0.80: dist_built - res_share -0.888
16:30:55 INFO   |rho| > 0.80: bui - ntl 0.873
16:30:55 INFO   |rho| > 0.80: dist_built - rent_share -0.869
16:30:55 INFO   |rho| > 0.80: bui - mu_ratio 0.845
16:30:55 INFO   |rho| > 0.80: bldg_size - dist_built -0.841
16:30:55 INFO   |rho| > 0.80: mu_ratio - res_share 0.840
16:30:55 INFO   |rho| > 0.80: bui - rent_share 0.828
16:30:55 INFO   |rho| > 0.80: bldg_size - ntl 0.806
16:30:55 INFO   plot /scratch/alpine/jaju1407/hisdac/dasymetric/massachusetts/v3_1/E3/model/feature_correlation.png
16:30:55 INFO era E3: model rf | search 20 of 400 candidates | 5 folds | scoring neg_root_mean_squared_error | n_jobs 4
16:31:02 INFO   fold 0: CV RMSE 0.0956 | R2 0.992
16:31:02 INFO   fold 1: CV RMSE 1.1808 | R2 0.479
16:31:02 INFO   fold 2: CV RMSE 0.2927 | R2 0.229
16:31:02 INFO   fold 3: CV RMSE 0.7053 | R2 0.676
16:31:02 INFO   fold 4: CV RMSE 0.2255 | R2 0.907
16:31:02 INFO era E3: best params {'n_estimators': 300, 'min_samples_leaf': 2, 'max_features': 0.33, 'max_depth': 15}
16:31:02 INFO era E3: CV RMSE 0.5000 +/- 0.3969 | CV R2 0.657 +/- 0.279 | train RMSE 0.1392 | sd(y) 1.2295
16:31:02 INFO feature importance (permutation = increase in RMSE when shuffled):
   feature  impurity  permutation_mean  permutation_sd
       bui    0.2014            0.2955          0.0430
 bldg_size    0.1677            0.2509          0.0348
       ntl    0.1695            0.2353          0.0443
rent_share    0.1447            0.2096          0.0307
dist_built    0.1473            0.2051          0.0331
  mu_ratio    0.0809            0.1194          0.0128
 res_share    0.0878            0.1132          0.0217
      year    0.0007            0.0009          0.0004
16:31:03 INFO mean |SHAP| per feature:
bui           0.1928
ntl           0.1854
bldg_size     0.1679
dist_built    0.1583
rent_share    0.1501
res_share     0.0871
mu_ratio      0.0550
year          0.0030
16:31:03 INFO grouped mean |SHAP|:
Building              0.3954
Land use              0.2165
Lights                0.1854
Settlement context    0.1583
Period                0.0030
16:31:03 INFO mean |SHAP| by year:
          bui  bldg_size  mu_ratio  dist_built   year  res_share  rent_share    ntl
year                                                                               
2000.0  0.195      0.167     0.057       0.168  0.003      0.082       0.152  0.191
2010.0  0.193      0.169     0.054       0.154  0.001      0.088       0.150  0.193
2020.0  0.190      0.168     0.053       0.153  0.005      0.091       0.148  0.173
16:31:03 INFO   plot /scratch/alpine/jaju1407/hisdac/dasymetric/massachusetts/v3_1/E3/model/shap_summary.png
16:31:03 INFO   plot /scratch/alpine/jaju1407/hisdac/dasymetric/massachusetts/v3_1/E3/model/shap_by_year.png
16:31:03 INFO v3 (its saved out-of-fold predictions, same folds, 42 rows, its own target): CV RMSE 0.4980 +/- 0.3978 | CV R2 0.661 +/- 0.276 | pooled RMSE 0.6572 R2 0.715 (reported: RMSE 0.4980428186280107, R2 0.6605987463106012)
16:31:03 INFO era E3: CV v3_1 vs v3 (same folds and rows): RMSE 0.5000 vs 0.4980 | R2 0.657 vs 0.661 | pooled RMSE 0.6580 vs 0.6572
16:31:03 INFO wrote /scratch/alpine/jaju1407/hisdac/dasymetric/massachusetts/v3_1/E3/model
16:31:03 INFO CV by era:
era     years  n_rows  n_counties  n_folds  cv_rmse  cv_r2  pooled_rmse  pooled_r2  shap_Building  shap_Settlement context  shap_Period  v3_cv_rmse  v3_cv_r2  v3_pooled_rmse  v3_pooled_r2  shap_Land use  shap_Lights
 E1 1810-1930     188          22        5     0.78  0.624        0.932      0.596          0.649                    0.283        0.100       0.781     0.626           0.935         0.595            NaN          NaN
 E2 1940-1990      84          14        5     0.56  0.728        0.674      0.769          0.592                    0.053        0.008       0.557     0.735           0.670         0.772          0.595          NaN
 E3 2000-2020      42          14        5     0.50  0.657        0.658      0.714          0.395                    0.158        0.003       0.498     0.661           0.657         0.715          0.217        0.185
16:31:03 INFO wrote /scratch/alpine/jaju1407/hisdac/dasymetric/massachusetts/v3_1/cv_summary.csv
16:31:03 INFO DONE
== done 2026-10-05T16:31:04-06:00
