== job 33463271 (dasymetric_predict) on c3cpu-a7-u9-2 at 2026-10-05T16:56:04-06:00
== cores=8 gpus=none restart=0
== git fdd9ef0
== python: /projects/jaju1407/software/envs/hisdac/bin/python
== config: configs/model.yaml (name=massachusetts version=v3_1)  cutout: /scratch/alpine/jaju1407/hisdac/cutouts/massachusetts  out: /scratch/alpine/jaju1407/hisdac/dasymetric/massachusetts/v3_1  n_jobs: 8  extra args: 
16:56:38 INFO arg config = configs/model.yaml
16:56:38 INFO arg out_root = /scratch/alpine/jaju1407/hisdac/dasymetric
16:56:38 INFO arg cutout_root = /scratch/alpine/jaju1407/hisdac/cutouts
16:56:38 INFO arg years = None
16:56:38 INFO arg map_years = None
16:56:38 INFO arg compare_years = None
16:56:38 INFO arg counties_gpkg = /projects/jaju1407/data/processed/census/counties_2020.gpkg
16:56:38 INFO arg n_jobs = 8
16:56:38 INFO maps: [1810, 1950, 2020] | side by side with v3: [2020]
16:56:45 INFO model rf era E1 (/scratch/alpine/jaju1407/hisdac/dasymetric/massachusetts/v3_1/E1/model/rf.joblib) | features ['bui', 'bldg_size', 'mu_ratio', 'dist_built', 'year'] | use_status ['ok', 'manual_fill']
16:56:45 INFO model rf era E2 (/scratch/alpine/jaju1407/hisdac/dasymetric/massachusetts/v3_1/E2/model/rf.joblib) | features ['bui', 'bldg_size', 'mu_ratio', 'dist_built', 'year', 'res_share', 'rent_share'] | use_status ['ok', 'manual_fill']
16:56:46 INFO model rf era E3 (/scratch/alpine/jaju1407/hisdac/dasymetric/massachusetts/v3_1/E3/model/rf.joblib) | features ['bui', 'bldg_size', 'mu_ratio', 'dist_built', 'year', 'res_share', 'rent_share', 'ntl'] | use_status ['ok', 'manual_fill']
16:56:46 INFO 22 years -> /scratch/alpine/jaju1407/hisdac/dasymetric/massachusetts/v3_1
16:56:51 INFO   1810 (E1): 20 counties, 1681989 cells (12110 masked) | y_hat 0.109..7.670 | pop 700745 -> cells 700745 | cell max 4389.9 | max rel diff 2.17e-08 | bad cells 0
16:57:03 INFO   plot /scratch/alpine/jaju1407/hisdac/dasymetric/massachusetts/v3_1/maps/pop_1810.png
16:57:04 INFO   1820 (E1): 14 counties, 336164 cells (995 masked) | y_hat 1.083..7.839 | pop 523287 -> cells 523287 | cell max 2690.2 | max rel diff 1.05e-08 | bad cells 0
16:57:05 INFO   1830 (E1): 14 counties, 336164 cells (994 masked) | y_hat 1.180..7.962 | pop 610408 -> cells 610408 | cell max 1972.4 | max rel diff 4.54e-09 | bad cells 0
16:57:06 INFO   1840 (E1): 14 counties, 336164 cells (994 masked) | y_hat 1.294..8.017 | pop 737699 -> cells 737699 | cell max 1841.0 | max rel diff 2.76e-09 | bad cells 0
16:57:08 INFO   1850 (E1): 14 counties, 336164 cells (994 masked) | y_hat 1.368..8.123 | pop 994514 -> cells 994514 | cell max 1556.3 | max rel diff 3.71e-09 | bad cells 0
16:57:09 INFO   1860 (E1): 14 counties, 336164 cells (994 masked) | y_hat 1.403..8.183 | pop 1231066 -> cells 1231066 | cell max 1638.5 | max rel diff 4.91e-09 | bad cells 0
16:57:10 INFO   1870 (E1): 14 counties, 335900 cells (1069 masked) | y_hat 1.415..8.186 | pop 1457351 -> cells 1457351 | cell max 1046.5 | max rel diff 3.58e-09 | bad cells 0
16:57:11 INFO   1880 (E1): 14 counties, 335900 cells (1069 masked) | y_hat 1.421..8.215 | pop 1783085 -> cells 1783085 | cell max 677.6 | max rel diff 3.59e-09 | bad cells 0
16:57:13 INFO   1890 (E1): 14 counties, 335900 cells (1068 masked) | y_hat 1.461..8.259 | pop 2238943 -> cells 2238943 | cell max 615.9 | max rel diff 4.90e-09 | bad cells 0
16:57:14 INFO   1900 (E1): 14 counties, 335900 cells (1067 masked) | y_hat 1.471..8.271 | pop 2805346 -> cells 2805346 | cell max 513.7 | max rel diff 4.54e-09 | bad cells 0
16:57:17 INFO   1910 (E1): 14 counties, 335900 cells (1067 masked) | y_hat 1.493..8.354 | pop 3366416 -> cells 3366416 | cell max 597.1 | max rel diff 5.93e-09 | bad cells 0
16:57:18 INFO   1920 (E1): 14 counties, 335900 cells (1067 masked) | y_hat 1.501..8.346 | pop 3852356 -> cells 3852356 | cell max 592.0 | max rel diff 5.52e-09 | bad cells 0
16:57:20 INFO   1930 (E1): 14 counties, 335900 cells (1066 masked) | y_hat 1.507..8.283 | pop 4249614 -> cells 4249614 | cell max 599.0 | max rel diff 4.02e-09 | bad cells 0
16:57:22 INFO   1940 (E2): 14 counties, 335900 cells (1065 masked) | y_hat 3.097..8.517 | pop 4316721 -> cells 4316721 | cell max 1056.5 | max rel diff 8.76e-09 | bad cells 0
16:57:24 INFO   1950 (E2): 14 counties, 335900 cells (1064 masked) | y_hat 3.099..8.517 | pop 4690514 -> cells 4690514 | cell max 1065.5 | max rel diff 8.06e-09 | bad cells 0
16:57:29 INFO   plot /scratch/alpine/jaju1407/hisdac/dasymetric/massachusetts/v3_1/maps/pop_1950.png
16:57:32 INFO   1960 (E2): 14 counties, 335900 cells (1064 masked) | y_hat 3.106..8.515 | pop 5148578 -> cells 5148578 | cell max 912.6 | max rel diff 8.50e-09 | bad cells 0
16:57:34 INFO   1970 (E2): 14 counties, 335900 cells (1064 masked) | y_hat 3.124..8.506 | pop 5689170 -> cells 5689170 | cell max 822.1 | max rel diff 5.69e-09 | bad cells 0
16:57:36 INFO   1980 (E2): 14 counties, 335900 cells (1064 masked) | y_hat 3.135..8.487 | pop 5737037 -> cells 5737037 | cell max 718.7 | max rel diff 6.34e-09 | bad cells 0
16:57:40 INFO   1990 (E2): 14 counties, 335900 cells (1064 masked) | y_hat 3.135..8.487 | pop 6016425 -> cells 6016425 | cell max 709.2 | max rel diff 5.92e-09 | bad cells 0
16:57:43 INFO   2000 (E3): 14 counties, 335900 cells (1063 masked) | y_hat 3.773..8.071 | pop 6349097 -> cells 6349097 | cell max 772.2 | max rel diff 3.42e-09 | bad cells 0
16:57:45 INFO   2010 (E3): 14 counties, 335899 cells (1062 masked) | y_hat 3.773..8.057 | pop 6547629 -> cells 6547629 | cell max 793.2 | max rel diff 3.29e-09 | bad cells 0
16:57:47 INFO   2020 (E3): 14 counties, 335850 cells (1051 masked) | y_hat 3.779..8.075 | pop 7029917 -> cells 7029917 | cell max 868.2 | max rel diff 8.32e-09 | bad cells 0
16:57:55 INFO   plot /scratch/alpine/jaju1407/hisdac/dasymetric/massachusetts/v3_1/maps/pop_2020.png
16:58:05 INFO   plot /scratch/alpine/jaju1407/hisdac/dasymetric/massachusetts/v3_1/maps/pop_2020_v3_vs_v3_1.png
16:58:05 INFO wrote /scratch/alpine/jaju1407/hisdac/dasymetric/massachusetts/v3_1/qa/reallocation_qa.csv
16:58:05 INFO mass check: 314 county-years, max rel diff 2.17e-08 (tolerance 1e-06), 0 fail | bad cells 0
16:58:05 INFO DONE
== done 2026-10-05T16:58:06-06:00
20M	/scratch/alpine/jaju1407/hisdac/dasymetric/massachusetts/v3_1/predictions
