== job 33463268 (water_frac) on c3cpu-e2-u2 at 2026-10-05T16:21:02-06:00
== cores=2 gpus=none restart=0
== git fdd9ef0
== python: /projects/jaju1407/software/envs/hisdac/bin/python
== config: configs/study_area.yaml (name=massachusetts)  cutout: /scratch/alpine/jaju1407/hisdac/cutouts/massachusetts  extra args: 
16:21:10 INFO arg config = configs/study_area.yaml
16:21:10 INFO arg cutout_root = /scratch/alpine/jaju1407/hisdac/cutouts
16:21:11 INFO cutout /scratch/alpine/jaju1407/hisdac/cutouts/massachusetts | window 1711 x 2842 cells | occurrence >= 75 = water | reservoir types [2]
16:21:13 INFO JRC: 21 files in /projects/jaju1407/data/raw/water/jrc_occurrence, 2 overlap the window (lon -73.612..-66.004, lat 40.789..47.972): ['occurrence_70W_50Nv1_4_2021.tif', 'occurrence_80W_50Nv1_4_2021.tif']
16:21:20 INFO HydroLAKES: 139 polygons with Lake_type in [2] intersect the window (Chamberlain Lake, Chesuncook Lake, Eagle Lake, Elbow Lake, Harris, Head Gates Reservoir, Lac Magog, Lake George, Lake Winnipesaukee, Moosehead Lake)
16:23:11 INFO   block 20/84
16:24:56 INFO   block 40/84
16:26:33 INFO   block 60/84
16:27:44 INFO   block 80/84
16:27:48 INFO   block 84/84
16:27:49 INFO water_frac 0.0..1.0 | study counties: 1682644 cells, mean 0.0208, share > 0 0.0528, share = 1 0.0072, uncovered 0 | JRC no-data pixels 0.1803 of covered | water pixels 85735864, reservoir pixels removed 6220333
16:27:49 INFO   QA point Quabbin Reservoir (-72.3, 42.4, 5 km box): 441 cells, mean 0.003, max 0.211, share = 0 0.918, cells = 1 0 | expect dry: ok
16:27:49 WARNING   QA point Connecticut River (Springfield) (-72.6, 42.1, 3 km box): 169 cells, mean 0.101, max 0.973, share = 0 0.769, cells = 1 0 | expect full_water: NOT MET
16:27:49 INFO wrote /scratch/alpine/jaju1407/hisdac/cutouts/massachusetts/qa/water_qa.csv
16:27:49 INFO wrote /scratch/alpine/jaju1407/hisdac/cutouts/massachusetts/layers/water_frac/water_frac.tif
16:27:49 INFO DONE
== done 2026-10-05T16:27:49-06:00
